python : 2025-12-09 09:25:58,854 - asyncio - DEBUG - Using proactor: IocpProactor
所在位置 行:1 字符: 1
+ python tests/scenario_runner.py > test_output.txt 2>&1
+ ~~~~~~~~~~~~~~~~~~~~~~~~~~~~~~~~~~~~~~~~~~~~~~~~~~~~~~
    + CategoryInfo          : NotSpecified: (2025-12-09 09:2...r: IocpProactor:String) [], RemoteException
    + FullyQualifiedErrorId : NativeCommandError
 
2025-12-09 09:25:58,856 - astrbot - DEBUG - [BuzzRadar] Group g1 Score: 1.00 (+1)
2025-12-09 09:25:58,856 - astrbot - DEBUG - [BuzzRadar] Group g1 Score: 2.00 (+1)
2025-12-09 09:25:58,856 - astrbot - DEBUG - [BuzzRadar] Group g1 Score: 3.00 (+1)
2025-12-09 09:25:58,856 - astrbot - DEBUG - [BuzzRadar] Group g1 Score: 4.00 (+1)
2025-12-09 09:25:58,856 - astrbot - DEBUG - [BuzzRadar] ���˸�����: Short (x3)
2025-12-09 09:25:58,856 - astrbot - DEBUG - [BuzzRadar] Group g1 Score: 6.00 (+2)
2025-12-09 09:25:58,856 - astrbot - DEBUG - [DEBUG] Check Trigger: Now=1765243558.856707, Last=0, Diff=1765243558.856707
, Cooldown=600
2025-12-09 09:25:58,856 - astrbot - INFO - [BuzzRadar] \U0001f680 Group g1 �����ܽ�! Score: 5.9999570449193325
Traceback (most recent call last):
  File "D:\codeToGit\astrbot_plugin_buzz_radar\tests\scenario_runner.py", line 124, in run_scenario
    print(f"   >>> BOT RESPONSE: {result}")
UnicodeEncodeError: 'gbk' codec can't encode character '\U0001f525' in position 36: illegal multibyte sequence
2025-12-09 09:25:58,860 - astrbot - DEBUG - [BuzzRadar] Group g1 Score: 7.00 (+1)
2025-12-09 09:25:58,860 - astrbot - DEBUG - [DEBUG] Check Trigger: Now=1765243558.8609266, Last=1765243558.856707, Diff=
0.004219532012939453, Cooldown=600
2025-12-09 09:25:58,861 - astrbot - DEBUG - [BuzzRadar] Group g1 ��ȴ��... (Score: 6.999605417251588)
2025-12-09 09:25:58,861 - astrbot - DEBUG - [BuzzRadar] Group g1 Score: 8.00 (+1)
2025-12-09 09:25:58,861 - astrbot - DEBUG - [DEBUG] Check Trigger: Now=1765243558.861446, Last=1765243558.856707, Diff=0
.004738807678222656, Cooldown=600
2025-12-09 09:25:58,861 - astrbot - DEBUG - [BuzzRadar] Group g1 ��ȴ��... (Score: 7.999562144279481)
2025-12-09 09:25:58,861 - astrbot - DEBUG - [BuzzRadar] ���˸�����: Spam (x3)
2025-12-09 09:25:58,861 - astrbot - DEBUG - [BuzzRadar] ���˸�����: Spam (x4)
2025-12-09 09:25:58,861 - astrbot - DEBUG - [BuzzRadar] Group g1 Score: 9.00 (+1)
2025-12-09 09:25:58,861 - astrbot - DEBUG - [DEBUG] Check Trigger: Now=1765243558.861446, Last=1765243558.856707, Diff=0
.004738807678222656, Cooldown=600
2025-12-09 09:25:58,861 - astrbot - DEBUG - [BuzzRadar] Group g1 ��ȴ��... (Score: 8.99956214427948)
2025-12-09 09:25:58,861 - astrbot - DEBUG - [BuzzRadar] Group g1 Score: 10.00 (+1)
2025-12-09 09:25:58,861 - astrbot - DEBUG - [DEBUG] Check Trigger: Now=1765243558.861446, Last=1765243558.856707, Diff=0
.004738807678222656, Cooldown=600
2025-12-09 09:25:58,861 - astrbot - DEBUG - [BuzzRadar] Group g1 ��ȴ��... (Score: 9.99956214427948)
2025-12-09 09:25:58,861 - astrbot - DEBUG - [BuzzRadar] ���˸�����: Trigger attempt (x3)
2025-12-09 09:25:58,861 - astrbot - DEBUG - [BuzzRadar] ���˸�����: Trigger attempt (x4)
2025-12-09 09:25:58,861 - astrbot - DEBUG - [BuzzRadar] ���˸�����: Trigger attempt (x5)
2025-12-09 09:25:58,861 - astrbot - DEBUG - [BuzzRadar] ���˸�����: Trigger attempt (x6)
2025-12-09 09:25:58,861 - astrbot - DEBUG - [BuzzRadar] ���˸�����: Trigger attempt (x7)
2025-12-09 09:25:58,861 - astrbot - DEBUG - [BuzzRadar] ���˸�����: Trigger attempt (x8)
2025-12-09 09:25:58,861 - astrbot - DEBUG - [BuzzRadar] ���˸�����: Trigger attempt (x9)
2025-12-09 09:25:58,861 - astrbot - DEBUG - [BuzzRadar] ���˸�����: Trigger attempt (x10)
[Runner] Starting scenario: D:\codeToGit\astrbot_plugin_buzz_radar\tests\data\test_phase1.json with 20 events.
[Time 1.0s] Group:g1 User:u1 -> Hello world
[Time 2.0s] Group:g1 User:u2 -> Hi there
[Time 3.0s] Group:g1 User:u3 -> Short
[Time 4.0s] Group:g1 User:u4 -> Short
[Time 5.0s] Group:g1 User:u5 -> Short
[Time 6.0s] Group:g1 User:u1 -> This is a very long message that should get a bonus score because it shows effort.
   [Error] 'gbk' codec can't encode character '\U0001f525' in position 36: illegal multibyte sequence
[Time 10.0s] Group:g1 User:u2 -> Spam
[Time 10.1s] Group:g1 User:u2 -> Spam
[Time 10.2s] Group:g1 User:u2 -> Spam
[Time 10.3s] Group:g1 User:u2 -> Spam
[Time 15.0s] Group:g1 User:u1 -> Trigger attempt
[Time 15.1s] Group:g1 User:u2 -> Trigger attempt
[Time 15.2s] Group:g1 User:u3 -> Trigger attempt
[Time 15.3s] Group:g1 User:u4 -> Trigger attempt
[Time 15.4s] Group:g1 User:u5 -> Trigger attempt
[Time 15.5s] Group:g1 User:u6 -> Trigger attempt
[Time 15.6s] Group:g1 User:u7 -> Trigger attempt
[Time 15.7s] Group:g1 User:u8 -> Trigger attempt
[Time 15.8s] Group:g1 User:u9 -> Trigger attempt
[Time 15.9s] Group:g1 User:u10 -> Trigger attempt
[Runner] Scenario completed.
